=========================================================
🤖 INICIANDO CRON PLAYWRIGHT - O NAVEGADOR FANTASMA
=========================================================

🔍 Acessando @supermercadoslider...
  ⏭️ Post /supermercadoslider/p/DXjqfuOlFlm/ já lido. Pulando para ver se há mais novos...
  ⏭️ Post /thaybalby/reel/DXjoW7VDd7l/ já lido. Pulando para ver se há mais novos...
  ⏭️ Post /eguatabarato/reel/DXiTy0YDAEN/ já lido. Pulando para ver se há mais novos...
  ⏭️ Post /tainaaires/reel/DXhMZgIDjkp/ já lido. Pulando para ver se há mais novos...
  ⏭️ Post /supermercadoslider/reel/DXhDmLpioKu/ já lido. Pulando para ver se há mais novos...
  ⏭️ Post /supermercadoslider/reel/DXg55jhgBI5/ já lido. Pulando para ver se há mais novos...
  ⏭️ Post /supermercadoslider/p/DXgw_IYkU3g/ já lido. Pulando para ver se há mais novos...
  ⏭️ Post /oscarcorrearodrigues/reel/DXgvW0zkQtK/ já lido. Pulando para ver se há mais novos...
  ⏭️ Post /eguatabarato/reel/DXfuj8YjM_f/ já lido. Pulando para ver se há mais novos...
  ⏭️ Post /supermercadoslider/reel/DXfoG7-EYnD/ já lido. Pulando para ver se há mais novos...
  ⏭️ Post /juscelio_araujo/reel/DXeTJZ4JuLW/ já lido. Pulando para ver se há mais novos...
  ⏭️ Post /supermercadoslider/reel/DXcDC6SjXET/ já lido. Pulando para ver se há mais novos...
  🤷 Nenhum post novo no perfil @supermercadoslider (todos já foram lidos).

🔍 Acessando @formosaoficial...
  ⏭️ Post /rayana_correa/reel/DXmum5_EUuX/ já lido. Pulando para ver se há mais novos...
  ⏭️ Post /formosaoficial/p/DXmj5ydgXG_/ já lido. Pulando para ver se há mais novos...
  ⏭️ Post /formosaoficial/p/DXj340-lqPn/ já lido. Pulando para ver se há mais novos...
  ⏭️ Post /formosaoficial/reel/DXh2xY-jR6t/ já lido. Pulando para ver se há mais novos...
  ⏭️ Post /formosaoficial/p/DXe1entDH1z/ já lido. Pulando para ver se há mais novos...
  ⏭️ Post /drajulianamartins.dermato/reel/DXepUAjDvP_/ já lido. Pulando para ver se há mais novos...
  ⏭️ Post /formosaoficial/reel/DXeV-a0DS8m/ já lido. Pulando para ver se há mais novos...
  ⏭️ Post /formosaoficial/p/DXb1FzOAVMc/ já lido. Pulando para ver se há mais novos...
  ⏭️ Post /formosaoficial/reel/DXZ6sIojR-0/ já lido. Pulando para ver se há mais novos...
  ⏭️ Post /formosaoficial/p/DXXLZODk-vU/ já lido. Pulando para ver se há mais novos...
  ⏭️ Post /lourdesbraga/reel/DXW-ZJvEeNT/ já lido. Pulando para ver se há mais novos...
  ⏭️ Post /formosaoficial/p/DXWsE3sDeKS/ já lido. Pulando para ver se há mais novos...
  🤷 Nenhum post novo no perfil @formosaoficial (todos já foram lidos).

🔍 Acessando @mmguerreirao...
  ⏭️ Post /mmguerreirao/p/DWJPJPqFeSy/ já lido. Pulando para ver se há mais novos...
  ⏭️ Post /mmguerreirao/p/DQmQ3yPkUa_/ já lido. Pulando para ver se há mais novos...
  ⏭️ Post /mmguerreirao/p/DXb-PAOFWy_/ já lido. Pulando para ver se há mais novos...
  ⏭️ Post /mmguerreirao/p/DXZlfuBFQdc/ já lido. Pulando para ver se há mais novos...
  ⏭️ Post /wallery_risuenho/reel/DXKyC7tj9oa/ já lido. Pulando para ver se há mais novos...
  ⏭️ Post /mmguerreirao/reel/DXB_zmNDkUk/ já lido. Pulando para ver se há mais novos...
  ⏭️ Post /mmguerreirao/p/DWrC9dWFWbp/ já lido. Pulando para ver se há mais novos...
  ⏭️ Post /mmguerreirao/reel/DWq_QEbjgPn/ já lido. Pulando para ver se há mais novos...
  ⏭️ Post /mmguerreirao/reel/DWboXLLDmmf/ já lido. Pulando para ver se há mais novos...
  ⏭️ Post /wallery_risuenho/reel/DWSLnu1j9MI/ já lido. Pulando para ver se há mais novos...
  ⏭️ Post /wallery_risuenho/reel/DVyXPkmjUOd/ já lido. Pulando para ver se há mais novos...
  ⏭️ Post /mmguerreirao/p/DVo3oPTlCwk/ já lido. Pulando para ver se há mais novos...
  🤷 Nenhum post novo no perfil @mmguerreirao (todos já foram lidos).

🔍 Acessando @assaiatacadistaoficial...
  ⏭️ Post /assaiatacadistaoficial/reel/DXmBlzKCO_r/ já lido. Pulando para ver se há mais novos...
  ⏭️ Post /assaiatacadistaoficial/reel/DXkF_WjkagJ/ já lido. Pulando para ver se há mais novos...
  ⏭️ Post /assaiatacadistaoficial/reel/DXjcxKSjQ7x/ já lido. Pulando para ver se há mais novos...
  ⏭️ Post /assaiatacadistaoficial/reel/DXhu1tqicbV/ já lido. Pulando para ver se há mais novos...
  ⏭️ Post /assaiatacadistaoficial/p/DXhqGLKk4I6/ já lido. Pulando para ver se há mais novos...
  ⏭️ Post /praondeirnolitoral.pi/reel/DXhLPhlDfWP/ já lido. Pulando para ver se há mais novos...
  ⏭️ Post /assaiatacadistaoficial/reel/DXfU42QEfWU/ já lido. Pulando para ver se há mais novos...
  ⏭️ Post /assaiatacadistaoficial/p/DXeeS6vgMcD/ já lido. Pulando para ver se há mais novos...
  ⏭️ Post /assaiatacadistaoficial/reel/DXcQwfgFFHu/ já lido. Pulando para ver se há mais novos...
  ⏭️ Post /assaiatacadistaoficial/reel/DXburJDAh5z/ já lido. Pulando para ver se há mais novos...
  ⏭️ Post /assaiatacadistaoficial/reel/DXZsLRXgY-F/ já lido. Pulando para ver se há mais novos...
  ⏭️ Post /assaiatacadistaoficial/reel/DXZJliwjeYK/ já lido. Pulando para ver se há mais novos...
  🤷 Nenhum post novo no perfil @assaiatacadistaoficial (todos já foram lidos).

=========================================================
🏁 CRON LOCAL FINALIZADO.
=========================================================
=========================================================
🤖 INICIANDO CRON PLAYWRIGHT - O NAVEGADOR FANTASMA
=========================================================

🌐 [MÉTODO SITE] Iniciando busca no site oficial do Assaí...
  ❌ Não foi possível encontrar os IDs de campanha no HTML do Assaí.

🔍 Acessando @supermercadoslider...

🔍 Acessando @formosaoficial...

🔍 Acessando @mmguerreirao...

🔍 Acessando @assaiatacadistaoficial...

🏁 CRON FINALIZADO.
=========================================================
🤖 INICIANDO CRON PLAYWRIGHT - O NAVEGADOR FANTASMA
   (Agora com suporte total ao site do Assaí!)
=========================================================

🌐 [MÉTODO SITE] Iniciando busca no site oficial do Assaí...
  🛰️ Navegando para: https://www.assai.com.br/ofertas/para/assai-augusto-montenegro
  📜 Rolando e interagindo com o carrossel para revelar todos os encartes...
  🔍 Vasculhando o HTML em busca de TODOS os encartes ativos...
    ✨ Encarte detectado: Campanha 46529, Cluster 576
    📂 Detectadas 2 abas de categorias (Jornais de Ofertas).
      📑 Clicando na: Jornal de Ofertas 1...
      📑 Clicando na: Jornal de Ofertas 2...
    ✨ Encarte detectado: Campanha 46503, Cluster 63
    🎡 Verificação final no carrossel principal...
  📚 Total de encartes ÚNICOS detectados no site: 2
  ⏭️ Encarte site-assai-46529-576 já processado anteriormente. Pulando...
  ⏭️ Encarte site-assai-46503-63 já processado anteriormente. Pulando...
  ❌ Nenhuma imagem de encarte encontrada para baixar.

🔍 Acessando perfil do Instagram: @supermercadoslider...
  ⏳ Aguardando carregamento da grade de posts...
  ⏭️ Post /juscelio_araujo/reel/DXouWsbJUyE/ já processado anteriormente. Pulando...
  ⏭️ Post /supermercadoslider/p/DXjqfuOlFlm/ já processado anteriormente. Pulando...
  ⏭️ Post /thaybalby/reel/DXjoW7VDd7l/ já processado anteriormente. Pulando...
  ⏭️ Post /eguatabarato/reel/DXiTy0YDAEN/ já processado anteriormente. Pulando...
  ⏭️ Post /tainaaires/reel/DXhMZgIDjkp/ já processado anteriormente. Pulando...
  ⏭️ Post /supermercadoslider/reel/DXhDmLpioKu/ já processado anteriormente. Pulando...
  ⏭️ Post /supermercadoslider/p/DXgw_IYkU3g/ já processado anteriormente. Pulando...
  ⏭️ Post /oscarcorrearodrigues/reel/DXgvW0zkQtK/ já processado anteriormente. Pulando...
  ⏭️ Post /eguatabarato/reel/DXfuj8YjM_f/ já processado anteriormente. Pulando...
  ⏭️ Post /supermercadoslider/reel/DXfoG7-EYnD/ já processado anteriormente. Pulando...
  ⏭️ Post /juscelio_araujo/reel/DXeTJZ4JuLW/ já processado anteriormente. Pulando...
  ⏭️ Post /supermercadoslider/p/DXXpUOAIGRI/ já processado anteriormente. Pulando...
  🤷 Nada de novo em @supermercadoslider por enquanto.

🔍 Acessando perfil do Instagram: @formosaoficial...
  ⏳ Aguardando carregamento da grade de posts...
  ⏭️ Post /formosaoficial/p/DXotJDHD__X/ já processado anteriormente. Pulando...
  ⏭️ Post /rayana_correa/reel/DXmum5_EUuX/ já processado anteriormente. Pulando...
  ⏭️ Post /formosaoficial/p/DXmj5ydgXG_/ já processado anteriormente. Pulando...
  ⏭️ Post /formosaoficial/p/DXj340-lqPn/ já processado anteriormente. Pulando...
  ⏭️ Post /formosaoficial/reel/DXh2xY-jR6t/ já processado anteriormente. Pulando...
  ⏭️ Post /formosaoficial/p/DXe1entDH1z/ já processado anteriormente. Pulando...
  ⏭️ Post /drajulianamartins.dermato/reel/DXepUAjDvP_/ já processado anteriormente. Pulando...
  ⏭️ Post /formosaoficial/reel/DXeV-a0DS8m/ já processado anteriormente. Pulando...
  ⏭️ Post /formosaoficial/p/DXb1FzOAVMc/ já processado anteriormente. Pulando...
  ⏭️ Post /formosaoficial/reel/DXZ6sIojR-0/ já processado anteriormente. Pulando...
  ⏭️ Post /formosaoficial/p/DXXLZODk-vU/ já processado anteriormente. Pulando...
  ⏭️ Post /lourdesbraga/reel/DXW-ZJvEeNT/ já processado anteriormente. Pulando...
  🤷 Nada de novo em @formosaoficial por enquanto.

🔍 Acessando perfil do Instagram: @mmguerreirao...
  ⏳ Aguardando carregamento da grade de posts...
  ⏭️ Post /mmguerreirao/p/DWJPJPqFeSy/ já processado anteriormente. Pulando...
  ⏭️ Post /mmguerreirao/p/DQmQ3yPkUa_/ já processado anteriormente. Pulando...
  ⏭️ Post /mmguerreirao/p/DXb-PAOFWy_/ já processado anteriormente. Pulando...
  ⏭️ Post /mmguerreirao/p/DXZlfuBFQdc/ já processado anteriormente. Pulando...
  ⏭️ Post /wallery_risuenho/reel/DXKyC7tj9oa/ já processado anteriormente. Pulando...
  ⏭️ Post /mmguerreirao/reel/DXB_zmNDkUk/ já processado anteriormente. Pulando...
  ⏭️ Post /mmguerreirao/p/DWrC9dWFWbp/ já processado anteriormente. Pulando...
  ⏭️ Post /mmguerreirao/reel/DWq_QEbjgPn/ já processado anteriormente. Pulando...
  ⏭️ Post /mmguerreirao/reel/DWboXLLDmmf/ já processado anteriormente. Pulando...
  ⏭️ Post /wallery_risuenho/reel/DWSLnu1j9MI/ já processado anteriormente. Pulando...
  ⏭️ Post /wallery_risuenho/reel/DVyXPkmjUOd/ já processado anteriormente. Pulando...
  ⏭️ Post /mmguerreirao/p/DVo3oPTlCwk/ já processado anteriormente. Pulando...
  🤷 Nada de novo em @mmguerreirao por enquanto.

🔍 Acessando perfil do Instagram: @assaiatacadistaoficial...
  ⏳ Aguardando carregamento da grade de posts...
  ⏭️ Post /assaiatacadistaoficial/reel/DXovLCrEidR/ já processado anteriormente. Pulando...
  ⏭️ Post /assaiatacadistaoficial/p/DXomRAljUxb/ já processado anteriormente. Pulando...
  ⏭️ Post /assaiatacadistaoficial/reel/DXmBlzKCO_r/ já processado anteriormente. Pulando...
  ⏭️ Post /assaiatacadistaoficial/reel/DXkF_WjkagJ/ já processado anteriormente. Pulando...
  ⏭️ Post /assaiatacadistaoficial/reel/DXjcxKSjQ7x/ já processado anteriormente. Pulando...
  ⏭️ Post /caro.marafiga/reel/DXh1r8PgOWT/ já processado anteriormente. Pulando...
  ⏭️ Post /assaiatacadistaoficial/reel/DXhu1tqicbV/ já processado anteriormente. Pulando...
  ⏭️ Post /assaiatacadistaoficial/p/DXhqGLKk4I6/ já processado anteriormente. Pulando...
  ⏭️ Post /praondeirnolitoral.pi/reel/DXhLPhlDfWP/ já processado anteriormente. Pulando...
  ⏭️ Post /assaiatacadistaoficial/reel/DXfU42QEfWU/ já processado anteriormente. Pulando...
  ⏭️ Post /assaiatacadistaoficial/p/DXeeS6vgMcD/ já processado anteriormente. Pulando...
  ⏭️ Post /assaiatacadistaoficial/reel/DXcQwfgFFHu/ já processado anteriormente. Pulando...
  🤷 Nada de novo em @assaiatacadistaoficial por enquanto.

=========================================================
🏁 CRON LOCAL FINALIZADO COM SUCESSO!
=========================================================
=========================================================
🤖 INICIANDO CRON PLAYWRIGHT - O NAVEGADOR FANTASMA
   (Agora com suporte total ao site do Assaí!)
=========================================================

🌐 [MÉTODO SITE] Iniciando busca no site oficial do Assaí...
  🛰️ Navegando para: https://www.assai.com.br/ofertas/para/assai-augusto-montenegro
  📜 Rolando e interagindo com o carrossel para revelar todos os encartes...
  🔍 Vasculhando o HTML em busca de TODOS os encartes ativos...
    ✨ Encarte detectado: Campanha 46529, Cluster 576
    📂 Detectadas 2 abas de categorias (Jornais de Ofertas).
      📑 Clicando na: Jornal de Ofertas 1...
      📑 Clicando na: Jornal de Ofertas 2...
    ✨ Encarte detectado: Campanha 46503, Cluster 63
    🎡 Verificação final no carrossel principal...
  📚 Total de encartes ÚNICOS detectados no site: 2
  ⏭️ Encarte site-assai-46529-576 já processado anteriormente. Pulando...
  ⏭️ Encarte site-assai-46503-63 já processado anteriormente. Pulando...
  ❌ Nenhuma imagem de encarte encontrada para baixar.

🔍 Acessando perfil do Instagram: @supermercadoslider...
  ⏳ Aguardando carregamento da grade de posts...
  ⏭️ Post /supermercadoslider/p/DXpeLuBEUyk/ já processado anteriormente. Pulando...
  ⏭️ Post /juscelio_araujo/reel/DXouWsbJUyE/ já processado anteriormente. Pulando...
  ⏭️ Post /supermercadoslider/p/DXjqfuOlFlm/ já processado anteriormente. Pulando...
  ⏭️ Post /thaybalby/reel/DXjoW7VDd7l/ já processado anteriormente. Pulando...
  ⏭️ Post /eguatabarato/reel/DXiTy0YDAEN/ já processado anteriormente. Pulando...
  ⏭️ Post /tainaaires/reel/DXhMZgIDjkp/ já processado anteriormente. Pulando...
  ⏭️ Post /supermercadoslider/reel/DXhDmLpioKu/ já processado anteriormente. Pulando...
  ⏭️ Post /supermercadoslider/p/DXgw_IYkU3g/ já processado anteriormente. Pulando...
  ⏭️ Post /oscarcorrearodrigues/reel/DXgvW0zkQtK/ já processado anteriormente. Pulando...
  ⏭️ Post /eguatabarato/reel/DXfuj8YjM_f/ já processado anteriormente. Pulando...
  ⏭️ Post /supermercadoslider/reel/DXfoG7-EYnD/ já processado anteriormente. Pulando...
  ⏭️ Post /juscelio_araujo/reel/DXeTJZ4JuLW/ já processado anteriormente. Pulando...
  🤷 Nada de novo em @supermercadoslider por enquanto.

🔍 Acessando perfil do Instagram: @formosaoficial...
  ⏳ Aguardando carregamento da grade de posts...
  ⏭️ Post /formosaoficial/reel/DXpQIkUDYpk/ já processado anteriormente. Pulando...
  ⏭️ Post /formosaoficial/p/DXotJDHD__X/ já processado anteriormente. Pulando...
  ⏭️ Post /rayana_correa/reel/DXmum5_EUuX/ já processado anteriormente. Pulando...
  ⏭️ Post /formosaoficial/p/DXmj5ydgXG_/ já processado anteriormente. Pulando...
  ⏭️ Post /formosaoficial/p/DXj340-lqPn/ já processado anteriormente. Pulando...
  ⏭️ Post /formosaoficial/reel/DXh2xY-jR6t/ já processado anteriormente. Pulando...
  ⏭️ Post /formosaoficial/p/DXe1entDH1z/ já processado anteriormente. Pulando...
  ⏭️ Post /drajulianamartins.dermato/reel/DXepUAjDvP_/ já processado anteriormente. Pulando...
  ⏭️ Post /formosaoficial/reel/DXeV-a0DS8m/ já processado anteriormente. Pulando...
  ⏭️ Post /formosaoficial/p/DXb1FzOAVMc/ já processado anteriormente. Pulando...
  ⏭️ Post /formosaoficial/reel/DXZ6sIojR-0/ já processado anteriormente. Pulando...
  ⏭️ Post /formosaoficial/p/DXXLZODk-vU/ já processado anteriormente. Pulando...
  🤷 Nada de novo em @formosaoficial por enquanto.

🔍 Acessando perfil do Instagram: @mmguerreirao...
  ⏳ Aguardando carregamento da grade de posts...
  ⏭️ Post /mmguerreirao/p/DWJPJPqFeSy/ já processado anteriormente. Pulando...
  ⏭️ Post /mmguerreirao/p/DQmQ3yPkUa_/ já processado anteriormente. Pulando...
  ⏭️ Post /wallery_risuenho/reel/DXpmJ1bjwy9/ já processado anteriormente. Pulando...
  ⏭️ Post /mmguerreirao/p/DXb-PAOFWy_/ já processado anteriormente. Pulando...
  ⏭️ Post /mmguerreirao/p/DXZlfuBFQdc/ já processado anteriormente. Pulando...
  ⏭️ Post /wallery_risuenho/reel/DXKyC7tj9oa/ já processado anteriormente. Pulando...
  ⏭️ Post /mmguerreirao/reel/DXB_zmNDkUk/ já processado anteriormente. Pulando...
  ⏭️ Post /mmguerreirao/p/DWrC9dWFWbp/ já processado anteriormente. Pulando...
  ⏭️ Post /mmguerreirao/reel/DWq_QEbjgPn/ já processado anteriormente. Pulando...
  ⏭️ Post /mmguerreirao/reel/DWboXLLDmmf/ já processado anteriormente. Pulando...
  ⏭️ Post /wallery_risuenho/reel/DWSLnu1j9MI/ já processado anteriormente. Pulando...
  ⏭️ Post /wallery_risuenho/reel/DVyXPkmjUOd/ já processado anteriormente. Pulando...
  🤷 Nada de novo em @mmguerreirao por enquanto.

🔍 Acessando perfil do Instagram: @assaiatacadistaoficial...
  ⏳ Aguardando carregamento da grade de posts...
  ✨ NOVIDADE! Post novo encontrado: /assaiatacadistaoficial/p/DXpxPX0kYFw/
  🖱️ Clicando no post para abrir o modal...
  🖼️ IMAGEM estática detectada. URL: https://static.cdninstagram.com/rsrc.php/v4/yP/r/9...
  📦 [MODO TRIAGEM] Post /assaiatacadistaoficial/p/DXpxPX0kYFw/ salvo localmente para análise. Pulo envio p/ nuvem.
  ⌨️ Fechando o post (Esc)...
  ⏭️ Post /assaiatacadistaoficial/p/DXpq9yCjf38/ já processado anteriormente. Pulando...
  ⏭️ Post /assaiatacadistaoficial/p/DXpn_62j5eI/ já processado anteriormente. Pulando...
  ⏭️ Post /igorandradex/reel/DXpkLfOSRKh/ já processado anteriormente. Pulando...
  ⏭️ Post /danibritooficial/reel/DXpdKlFhJjz/ já processado anteriormente. Pulando...
  ⏭️ Post /sigarecord/p/DXpNYPylBDp/ já processado anteriormente. Pulando...
  ⏭️ Post /pamelaauto/reel/DXpIrq5Bo9f/ já processado anteriormente. Pulando...
  ⏭️ Post /assaiatacadistaoficial/reel/DXovLCrEidR/ já processado anteriormente. Pulando...
  ⏭️ Post /assaiatacadistaoficial/p/DXomRAljUxb/ já processado anteriormente. Pulando...
  ⏭️ Post /assaiatacadistaoficial/reel/DXmBlzKCO_r/ já processado anteriormente. Pulando...
  ⏭️ Post /assaiatacadistaoficial/reel/DXkF_WjkagJ/ já processado anteriormente. Pulando...
  ⏭️ Post /assaiatacadistaoficial/reel/DXjcxKSjQ7x/ já processado anteriormente. Pulando...

============================================================
🚀 [PRÓXIMO PASSO] Iniciando Triagem de Ofertas automática...
============================================================
❌ EasyOCR não encontrado. Instale com: pip install easyocr

=========================================================
🏁 CRON LOCAL FINALIZADO COM SUCESSO!
=========================================================
=========================================================
🤖 INICIANDO CRON PLAYWRIGHT - O NAVEGADOR FANTASMA
   (Agora com suporte total ao site do Assaí!)
=========================================================
🚀 [EXECUTANDO] Iniciando captura para a janela de 10h...

🌐 [MÉTODO SITE] Iniciando busca no site oficial do Assaí...
  🛰️ Navegando para: https://www.assai.com.br/ofertas/para/assai-augusto-montenegro
  📜 Rolando e interagindo com o carrossel para revelar todos os encartes...
  🔍 Vasculhando o HTML em busca de TODOS os encartes ativos...
    ✨ Encarte detectado: Campanha 46529, Cluster 576
    📂 Detectadas 2 abas de categorias (Jornais de Ofertas).
      📑 Clicando na: Jornal de Ofertas 1...
      📑 Clicando na: Jornal de Ofertas 2...
    ✨ Encarte detectado: Campanha 46503, Cluster 63
    🎡 Verificação final no carrossel principal...
  📚 Total de encartes ÚNICOS detectados no site: 2
  ⏭️ Encarte site-assai-46529-576 já processado anteriormente. Pulando...
  ⏭️ Encarte site-assai-46503-63 já processado anteriormente. Pulando...
  ❌ Nenhuma imagem de encarte encontrada para baixar.

🔍 Acessando perfil do Instagram: @supermercadoslider...
  ⏳ Aguardando carregamento da grade de posts...
  ⏭️ Post /supermercadoslider/p/DXpeLuBEUyk/ já processado anteriormente. Pulando...
  ⏭️ Post /juscelio_araujo/reel/DXouWsbJUyE/ já processado anteriormente. Pulando...
  ⏭️ Post /supermercadoslider/p/DXjqfuOlFlm/ já processado anteriormente. Pulando...
  ⏭️ Post /thaybalby/reel/DXjoW7VDd7l/ já processado anteriormente. Pulando...
  ⏭️ Post /eguatabarato/reel/DXiTy0YDAEN/ já processado anteriormente. Pulando...
  ⏭️ Post /tainaaires/reel/DXhMZgIDjkp/ já processado anteriormente. Pulando...
  ⏭️ Post /supermercadoslider/reel/DXhDmLpioKu/ já processado anteriormente. Pulando...
  ⏭️ Post /supermercadoslider/p/DXgw_IYkU3g/ já processado anteriormente. Pulando...
  ⏭️ Post /oscarcorrearodrigues/reel/DXgvW0zkQtK/ já processado anteriormente. Pulando...
  ⏭️ Post /eguatabarato/reel/DXfuj8YjM_f/ já processado anteriormente. Pulando...
  ⏭️ Post /supermercadoslider/reel/DXfoG7-EYnD/ já processado anteriormente. Pulando...
  ⏭️ Post /juscelio_araujo/reel/DXeTJZ4JuLW/ já processado anteriormente. Pulando...
  🤷 Nada de novo em @supermercadoslider por enquanto.

🔍 Acessando perfil do Instagram: @formosaoficial...
  ⏳ Aguardando carregamento da grade de posts...
  ⏭️ Post /formosaoficial/reel/DXpQIkUDYpk/ já processado anteriormente. Pulando...
  ⏭️ Post /formosaoficial/p/DXotJDHD__X/ já processado anteriormente. Pulando...
  ⏭️ Post /rayana_correa/reel/DXmum5_EUuX/ já processado anteriormente. Pulando...
  ⏭️ Post /formosaoficial/p/DXmj5ydgXG_/ já processado anteriormente. Pulando...
  ⏭️ Post /formosaoficial/p/DXj340-lqPn/ já processado anteriormente. Pulando...
  ⏭️ Post /formosaoficial/reel/DXh2xY-jR6t/ já processado anteriormente. Pulando...
  ⏭️ Post /formosaoficial/p/DXe1entDH1z/ já processado anteriormente. Pulando...
  ⏭️ Post /drajulianamartins.dermato/reel/DXepUAjDvP_/ já processado anteriormente. Pulando...
  ⏭️ Post /formosaoficial/reel/DXeV-a0DS8m/ já processado anteriormente. Pulando...
  ⏭️ Post /formosaoficial/p/DXb1FzOAVMc/ já processado anteriormente. Pulando...
  ⏭️ Post /formosaoficial/reel/DXZ6sIojR-0/ já processado anteriormente. Pulando...
  ⏭️ Post /formosaoficial/p/DXXLZODk-vU/ já processado anteriormente. Pulando...
  🤷 Nada de novo em @formosaoficial por enquanto.

🔍 Acessando perfil do Instagram: @mmguerreirao...
  ⏳ Aguardando carregamento da grade de posts...
  ⏭️ Post /mmguerreirao/p/DWJPJPqFeSy/ já processado anteriormente. Pulando...
  ⏭️ Post /mmguerreirao/p/DQmQ3yPkUa_/ já processado anteriormente. Pulando...
  ✨ NOVIDADE! Post novo encontrado: /mmguerreirao/p/DXrMwZ_FWIk/
  🖱️ Clicando no post para abrir o modal...
  🖼️ IMAGEM estática detectada. URL: https://instagram.fbel6-1.fna.fbcdn.net/v/t51.8278...
  📦 [MODO TRIAGEM] Post /mmguerreirao/p/DXrMwZ_FWIk/ salvo localmente para análise. Pulo envio p/ nuvem.
  ⌨️ Fechando o post (Esc)...
  ⏭️ Post /wallery_risuenho/reel/DXpmJ1bjwy9/ já processado anteriormente. Pulando...
  ⏭️ Post /mmguerreirao/p/DXb-PAOFWy_/ já processado anteriormente. Pulando...
  ⏭️ Post /wallery_risuenho/reel/DXKyC7tj9oa/ já processado anteriormente. Pulando...
  ⏭️ Post /mmguerreirao/reel/DXB_zmNDkUk/ já processado anteriormente. Pulando...
  ⏭️ Post /mmguerreirao/p/DWrC9dWFWbp/ já processado anteriormente. Pulando...
  ⏭️ Post /mmguerreirao/reel/DWq_QEbjgPn/ já processado anteriormente. Pulando...
  ⏭️ Post /mmguerreirao/reel/DWboXLLDmmf/ já processado anteriormente. Pulando...
  ⏭️ Post /wallery_risuenho/reel/DWSLnu1j9MI/ já processado anteriormente. Pulando...
  ⏭️ Post /wallery_risuenho/reel/DVyXPkmjUOd/ já processado anteriormente. Pulando...

🔍 Acessando perfil do Instagram: @assaiatacadistaoficial...
  ⏳ Aguardando carregamento da grade de posts...
  ✨ NOVIDADE! Post novo encontrado: /assaiatacadistaoficial/p/DXrLIDpCa3B/
  🖱️ Clicando no post para abrir o modal...
  🖼️ IMAGEM estática detectada. URL: https://static.cdninstagram.com/rsrc.php/v4/yP/r/9...
  📦 [MODO TRIAGEM] Post /assaiatacadistaoficial/p/DXrLIDpCa3B/ salvo localmente para análise. Pulo envio p/ nuvem.
  ⌨️ Fechando o post (Esc)...
  ⏭️ Post /assaiatacadistaoficial/p/DXpxPX0kYFw/ já processado anteriormente. Pulando...
  ⏭️ Post /assaiatacadistaoficial/p/DXpq9yCjf38/ já processado anteriormente. Pulando...
  ⏭️ Post /assaiatacadistaoficial/p/DXpn_62j5eI/ já processado anteriormente. Pulando...
  ⏭️ Post /igorandradex/reel/DXpkLfOSRKh/ já processado anteriormente. Pulando...
  ⏭️ Post /danibritooficial/reel/DXpdKlFhJjz/ já processado anteriormente. Pulando...
  ⏭️ Post /sigarecord/p/DXpNYPylBDp/ já processado anteriormente. Pulando...
  ⏭️ Post /pamelaauto/reel/DXpIrq5Bo9f/ já processado anteriormente. Pulando...
  ⏭️ Post /assaiatacadistaoficial/reel/DXovLCrEidR/ já processado anteriormente. Pulando...
  ⏭️ Post /assaiatacadistaoficial/p/DXomRAljUxb/ já processado anteriormente. Pulando...
  ⏭️ Post /assaiatacadistaoficial/reel/DXmBlzKCO_r/ já processado anteriormente. Pulando...
  ⏭️ Post /assaiatacadistaoficial/reel/DXkF_WjkagJ/ já processado anteriormente. Pulando...

============================================================
🚀 [PRÓXIMO PASSO] Iniciando Triagem de Ofertas automática...
============================================================
❌ EasyOCR não encontrado. Instale com: pip install easyocr

=========================================================
🏁 CRON LOCAL FINALIZADO COM SUCESSO!
=========================================================
